2026-05-07 17:15:57,721 [INFO] Epoch 1 | Reward=20.08 | Success=100.00% | DepDelay=45.86ms | Fail=0/20 | TopFail=[]
2026-05-07 17:17:03,503 [INFO] Epoch 2 | Reward=20.26 | Success=100.00% | DepDelay=36.46ms | Fail=0/20 | TopFail=[]
2026-05-07 17:18:08,871 [INFO] Epoch 3 | Reward=20.32 | Success=100.00% | DepDelay=34.99ms | Fail=0/20 | TopFail=[]
2026-05-07 17:18:59,222 [INFO] Epoch 4 | Reward=20.37 | Success=100.00% | DepDelay=33.67ms | Fail=0/20 | TopFail=[]
2026-05-07 17:19:49,426 [INFO] Epoch 5 | Reward=20.46 | Success=100.00% | DepDelay=28.01ms | Fail=0/20 | TopFail=[]
2026-05-07 17:20:38,632 [INFO] Epoch 6 | Reward=20.23 | Success=100.00% | DepDelay=39.02ms | Fail=0/20 | TopFail=[]
2026-05-07 17:22:24,110 [INFO] Epoch 1 | Reward=20.31 | Success=100.00% | DepDelay=34.29ms | Fail=0/20 | TopFail=[]
2026-05-07 17:22:56,160 [INFO] Epoch 2 | Reward=20.20 | Success=100.00% | DepDelay=41.62ms | Fail=0/20 | TopFail=[]
2026-05-07 17:23:13,266 [INFO] Epoch 3 | Reward=20.30 | Success=100.00% | DepDelay=34.95ms | Fail=0/20 | TopFail=[]
2026-05-07 17:24:01,540 [INFO] Epoch 4 | Reward=20.25 | Success=100.00% | DepDelay=38.87ms | Fail=0/20 | TopFail=[]
2026-05-07 17:24:51,773 [INFO] Epoch 5 | Reward=20.36 | Success=100.00% | DepDelay=33.47ms | Fail=0/20 | TopFail=[]
2026-05-07 17:25:25,818 [INFO] Epoch 6 | Reward=20.29 | Success=100.00% | DepDelay=37.06ms | Fail=0/20 | TopFail=[]
2026-05-07 17:45:03,150 [INFO] Epoch 1 | Reward=20.38 | Success=100.00% | DepDelay=32.49ms | Fail=0/20 | TopFail=[]
2026-05-07 17:45:20,237 [INFO] Epoch 2 | Reward=20.27 | Success=100.00% | DepDelay=36.85ms | Fail=0/20 | TopFail=[]
2026-05-07 17:45:53,226 [INFO] Epoch 3 | Reward=20.29 | Success=100.00% | DepDelay=38.98ms | Fail=0/20 | TopFail=[]
2026-05-07 17:46:42,412 [INFO] Epoch 4 | Reward=20.32 | Success=100.00% | DepDelay=35.53ms | Fail=0/20 | TopFail=[]
2026-05-07 17:47:16,215 [INFO] Epoch 5 | Reward=20.34 | Success=100.00% | DepDelay=32.80ms | Fail=0/20 | TopFail=[]
2026-05-07 17:48:06,303 [INFO] Epoch 6 | Reward=20.37 | Success=100.00% | DepDelay=34.29ms | Fail=0/20 | TopFail=[]
2026-05-07 17:51:29,229 [INFO] Epoch 1 | Reward=20.25 | Success=100.00% | DepDelay=37.60ms | Fail=0/20 | TopFail=[]
2026-05-07 17:54:20,962 [INFO] Epoch 1 | Reward=20.42 | Success=100.00% | DepDelay=29.99ms | Fail=0/20 | TopFail=[]
2026-05-07 17:54:37,963 [INFO] Epoch 2 | Reward=20.30 | Success=100.00% | DepDelay=36.71ms | Fail=0/20 | TopFail=[]
2026-05-07 17:54:55,096 [INFO] Epoch 3 | Reward=20.30 | Success=100.00% | DepDelay=36.05ms | Fail=0/20 | TopFail=[]
2026-05-07 17:55:12,411 [INFO] Epoch 4 | Reward=20.31 | Success=100.00% | DepDelay=35.57ms | Fail=0/20 | TopFail=[]
2026-05-07 17:55:31,887 [INFO] Epoch 5 | Reward=20.49 | Success=100.00% | DepDelay=24.30ms | Fail=0/20 | TopFail=[]
2026-05-07 17:55:49,892 [INFO] Epoch 6 | Reward=20.43 | Success=100.00% | DepDelay=29.65ms | Fail=0/20 | TopFail=[]
2026-05-07 18:04:07,816 [INFO] Epoch 7 | Reward=20.57 | Success=100.00% | DepDelay=21.38ms | Fail=0/80 | TopFail=[]
2026-05-07 18:09:58,434 [INFO] Epoch 8 | Reward=20.27 | Success=98.75% | DepDelay=25.92ms | Fail=1/80 | TopFail=[('no_candidates', 1)]
2026-05-07 18:18:33,518 [INFO] Epoch 9 | Reward=20.70 | Success=100.00% | DepDelay=14.98ms | Fail=0/80 | TopFail=[]
2026-05-07 18:26:45,045 [INFO] Epoch 10 | Reward=20.54 | Success=100.00% | DepDelay=22.27ms | Fail=0/80 | TopFail=[]
2026-05-07 18:35:48,233 [INFO] Epoch 11 | Reward=20.19 | Success=97.50% | DepDelay=18.54ms | Fail=2/80 | TopFail=[('no_candidates', 2)]
2026-05-07 18:43:14,937 [INFO] Epoch 12 | Reward=20.53 | Success=100.00% | DepDelay=24.59ms | Fail=0/80 | TopFail=[]
2026-05-07 18:52:24,656 [INFO] Epoch 13 | Reward=20.56 | Success=100.00% | DepDelay=21.16ms | Fail=0/80 | TopFail=[]
2026-05-07 18:59:01,740 [INFO] Epoch 14 | Reward=20.29 | Success=98.75% | DepDelay=23.53ms | Fail=1/80 | TopFail=[('no_candidates', 1)]
2026-05-07 19:07:35,316 [INFO] Epoch 15 | Reward=20.18 | Success=97.50% | DepDelay=21.42ms | Fail=2/80 | TopFail=[('no_candidates', 2)]
2026-05-07 19:14:24,236 [INFO] Epoch 16 | Reward=20.44 | Success=100.00% | DepDelay=27.32ms | Fail=0/80 | TopFail=[]
2026-05-07 19:24:15,800 [INFO] Epoch 17 | Reward=20.63 | Success=100.00% | DepDelay=18.71ms | Fail=0/80 | TopFail=[]
2026-05-07 19:31:42,030 [INFO] Epoch 18 | Reward=20.65 | Success=100.00% | DepDelay=16.52ms | Fail=0/80 | TopFail=[]
2026-05-07 19:38:17,730 [INFO] Epoch 19 | Reward=20.50 | Success=100.00% | DepDelay=25.33ms | Fail=0/80 | TopFail=[]
2026-05-07 19:47:54,256 [INFO] Epoch 20 | Reward=20.17 | Success=97.50% | DepDelay=18.71ms | Fail=2/80 | TopFail=[('no_candidates', 2)]
2026-05-07 19:55:35,913 [INFO] Epoch 21 | Reward=20.57 | Success=100.00% | DepDelay=21.41ms | Fail=0/80 | TopFail=[]
2026-05-07 20:05:22,664 [INFO] Epoch 22 | Reward=19.72 | Success=95.00% | DepDelay=22.10ms | Fail=4/80 | TopFail=[('no_candidates', 4)]
2026-05-07 20:11:07,496 [INFO] Epoch 23 | Reward=20.11 | Success=97.50% | DepDelay=21.56ms | Fail=2/80 | TopFail=[('no_candidates', 2)]
2026-05-07 20:20:55,683 [INFO] Epoch 24 | Reward=19.84 | Success=95.00% | DepDelay=15.61ms | Fail=4/80 | TopFail=[('no_candidates', 4)]
2026-05-07 20:30:17,578 [INFO] Epoch 25 | Reward=20.17 | Success=97.50% | DepDelay=19.56ms | Fail=2/80 | TopFail=[('no_candidates', 2)]
2026-05-08 00:39:00,108 [INFO] Epoch 1 | Reward=26.86 | Success=100.00% | DepDelay=30.07ms | Fail=0/20 | TopFail=[]
2026-05-08 00:39:19,160 [INFO] Epoch 2 | Reward=26.75 | Success=100.00% | DepDelay=32.27ms | Fail=0/20 | TopFail=[]
2026-05-08 00:39:53,849 [INFO] Epoch 3 | Reward=26.50 | Success=100.00% | DepDelay=38.35ms | Fail=0/20 | TopFail=[]
2026-05-08 00:40:29,350 [INFO] Epoch 4 | Reward=26.73 | Success=100.00% | DepDelay=32.83ms | Fail=0/20 | TopFail=[]
2026-05-08 00:41:36,513 [INFO] Epoch 5 | Reward=26.58 | Success=100.00% | DepDelay=36.64ms | Fail=0/20 | TopFail=[]
2026-05-08 00:42:11,751 [INFO] Epoch 6 | Reward=26.86 | Success=100.00% | DepDelay=32.24ms | Fail=0/20 | TopFail=[]
2026-05-08 00:48:49,050 [INFO] Epoch 7 | Reward=27.41 | Success=100.00% | DepDelay=14.85ms | Fail=0/80 | TopFail=[]
2026-05-08 00:54:37,800 [INFO] Epoch 8 | Reward=27.48 | Success=100.00% | DepDelay=13.20ms | Fail=0/80 | TopFail=[]
2026-05-08 01:00:25,846 [INFO] Epoch 9 | Reward=26.79 | Success=97.50% | DepDelay=14.51ms | Fail=2/80 | TopFail=[('no_candidates', 2)]
2026-05-08 01:06:46,190 [INFO] Epoch 10 | Reward=26.47 | Success=97.50% | DepDelay=22.23ms | Fail=2/80 | TopFail=[('no_candidates', 2)]
2026-05-08 01:13:06,367 [INFO] Epoch 11 | Reward=27.01 | Success=100.00% | DepDelay=24.66ms | Fail=0/80 | TopFail=[]
2026-05-08 01:20:58,550 [INFO] Epoch 12 | Reward=27.40 | Success=100.00% | DepDelay=14.24ms | Fail=0/80 | TopFail=[]
2026-05-08 01:29:38,339 [INFO] Epoch 13 | Reward=27.22 | Success=98.75% | DepDelay=11.64ms | Fail=1/80 | TopFail=[('no_candidates', 1)]
2026-05-08 01:36:48,241 [INFO] Epoch 14 | Reward=27.31 | Success=100.00% | DepDelay=17.02ms | Fail=0/80 | TopFail=[]
2026-05-08 01:43:43,158 [INFO] Epoch 15 | Reward=27.41 | Success=100.00% | DepDelay=14.28ms | Fail=0/80 | TopFail=[]
2026-05-08 01:50:51,160 [INFO] Epoch 16 | Reward=26.96 | Success=98.75% | DepDelay=18.50ms | Fail=1/80 | TopFail=[('no_candidates', 1)]
2026-05-08 01:58:35,560 [INFO] Epoch 17 | Reward=27.39 | Success=100.00% | DepDelay=14.66ms | Fail=0/80 | TopFail=[]
2026-05-08 02:04:45,931 [INFO] Epoch 18 | Reward=27.20 | Success=100.00% | DepDelay=19.92ms | Fail=0/80 | TopFail=[]
2026-05-08 02:12:38,578 [INFO] Epoch 19 | Reward=27.29 | Success=100.00% | DepDelay=16.54ms | Fail=0/80 | TopFail=[]
2026-05-08 02:20:59,107 [INFO] Epoch 20 | Reward=27.41 | Success=100.00% | DepDelay=14.06ms | Fail=0/80 | TopFail=[]
2026-05-08 02:27:14,765 [INFO] Epoch 21 | Reward=26.91 | Success=98.75% | DepDelay=19.58ms | Fail=1/80 | TopFail=[('no_candidates', 1)]
2026-05-08 02:34:19,787 [INFO] Epoch 22 | Reward=27.06 | Success=100.00% | DepDelay=23.05ms | Fail=0/80 | TopFail=[]
2026-05-08 02:42:59,013 [INFO] Epoch 23 | Reward=27.11 | Success=98.75% | DepDelay=14.98ms | Fail=1/80 | TopFail=[('no_candidates', 1)]
2026-05-08 02:49:49,005 [INFO] Epoch 24 | Reward=27.23 | Success=100.00% | DepDelay=19.14ms | Fail=0/80 | TopFail=[]
2026-05-08 02:56:12,986 [INFO] Epoch 25 | Reward=27.15 | Success=100.00% | DepDelay=20.17ms | Fail=0/80 | TopFail=[]
2026-05-08 03:03:46,851 [INFO] Epoch 26 | Reward=27.26 | Success=100.00% | DepDelay=17.94ms | Fail=0/80 | TopFail=[]
2026-05-08 03:10:52,670 [INFO] Epoch 27 | Reward=27.36 | Success=100.00% | DepDelay=15.17ms | Fail=0/80 | TopFail=[]
2026-05-08 03:19:14,417 [INFO] Epoch 28 | Reward=27.36 | Success=100.00% | DepDelay=15.16ms | Fail=0/80 | TopFail=[]
2026-05-08 03:25:00,145 [INFO] Epoch 29 | Reward=26.51 | Success=98.75% | DepDelay=27.94ms | Fail=1/80 | TopFail=[('no_candidates', 1)]
2026-05-08 03:32:11,997 [INFO] Epoch 30 | Reward=27.21 | Success=100.00% | DepDelay=19.08ms | Fail=0/80 | TopFail=[]
2026-05-08 03:38:57,919 [INFO] Epoch 31 | Reward=27.02 | Success=100.00% | DepDelay=23.70ms | Fail=0/80 | TopFail=[]
2026-05-08 03:46:44,901 [INFO] Epoch 32 | Reward=27.31 | Success=100.00% | DepDelay=17.36ms | Fail=0/80 | TopFail=[]
2026-05-08 03:54:30,019 [INFO] Epoch 33 | Reward=27.21 | Success=100.00% | DepDelay=19.88ms | Fail=0/80 | TopFail=[]
2026-05-08 04:02:41,649 [INFO] Epoch 34 | Reward=27.24 | Success=100.00% | DepDelay=18.63ms | Fail=0/80 | TopFail=[]
2026-05-08 04:09:42,335 [INFO] Epoch 35 | Reward=27.26 | Success=100.00% | DepDelay=18.50ms | Fail=0/80 | TopFail=[]
2026-05-08 04:17:01,459 [INFO] Epoch 36 | Reward=26.95 | Success=98.75% | DepDelay=18.68ms | Fail=1/80 | TopFail=[('no_candidates', 1)]
2026-05-08 04:23:08,332 [INFO] Epoch 37 | Reward=26.69 | Success=98.75% | DepDelay=25.36ms | Fail=1/80 | TopFail=[('no_candidates', 1)]
2026-05-08 04:32:09,052 [INFO] Epoch 38 | Reward=27.14 | Success=98.75% | DepDelay=12.38ms | Fail=1/80 | TopFail=[('no_candidates', 1)]
2026-05-08 04:38:47,677 [INFO] Epoch 39 | Reward=26.51 | Success=97.50% | DepDelay=21.62ms | Fail=2/80 | TopFail=[('no_candidates', 2)]
2026-05-08 04:48:04,399 [INFO] Epoch 40 | Reward=27.05 | Success=98.75% | DepDelay=15.45ms | Fail=1/80 | TopFail=[('no_candidates', 1)]
2026-05-08 04:55:38,702 [INFO] Epoch 41 | Reward=27.28 | Success=100.00% | DepDelay=17.58ms | Fail=0/80 | TopFail=[]
2026-05-08 05:02:30,594 [INFO] Epoch 42 | Reward=26.98 | Success=98.75% | DepDelay=17.89ms | Fail=1/80 | TopFail=[('no_candidates', 1)]
2026-05-08 05:10:49,322 [INFO] Epoch 43 | Reward=27.01 | Success=98.75% | DepDelay=16.33ms | Fail=1/80 | TopFail=[('no_candidates', 1)]
2026-05-08 05:20:32,858 [INFO] Epoch 44 | Reward=27.44 | Success=100.00% | DepDelay=12.69ms | Fail=0/80 | TopFail=[]
2026-05-08 05:28:26,156 [INFO] Epoch 45 | Reward=27.36 | Success=100.00% | DepDelay=14.77ms | Fail=0/80 | TopFail=[]
2026-05-08 05:35:58,778 [INFO] Epoch 46 | Reward=27.26 | Success=100.00% | DepDelay=18.50ms | Fail=0/80 | TopFail=[]
2026-05-08 05:44:02,380 [INFO] Epoch 47 | Reward=27.27 | Success=100.00% | DepDelay=18.58ms | Fail=0/80 | TopFail=[]
2026-05-08 05:53:15,886 [INFO] Epoch 48 | Reward=26.83 | Success=97.50% | DepDelay=13.55ms | Fail=2/80 | TopFail=[('no_candidates', 2)]
2026-05-08 06:00:49,570 [INFO] Epoch 49 | Reward=27.16 | Success=100.00% | DepDelay=20.38ms | Fail=0/80 | TopFail=[]
2026-05-08 06:07:59,816 [INFO] Epoch 50 | Reward=27.20 | Success=100.00% | DepDelay=20.57ms | Fail=0/80 | TopFail=[]
2026-05-08 11:39:19,602 [INFO] Epoch 1 | Reward=26.53 | Success=100.00% | DepDelay=37.35ms | Fail=0/20 | TopFail=[]
2026-05-08 11:40:45,570 [INFO] Epoch 2 | Reward=26.72 | Success=100.00% | DepDelay=31.50ms | Fail=0/20 | TopFail=[]
2026-05-08 11:42:04,733 [INFO] Epoch 3 | Reward=25.36 | Success=95.00% | DepDelay=34.90ms | Fail=1/20 | TopFail=[('candidate_infeasible', 1)]
2026-05-08 11:43:22,266 [INFO] Epoch 4 | Reward=26.77 | Success=100.00% | DepDelay=30.86ms | Fail=0/20 | TopFail=[]
2026-05-08 11:44:40,135 [INFO] Epoch 5 | Reward=26.48 | Success=100.00% | DepDelay=37.96ms | Fail=0/20 | TopFail=[]
2026-05-08 11:46:00,711 [INFO] Epoch 6 | Reward=26.77 | Success=100.00% | DepDelay=30.93ms | Fail=0/20 | TopFail=[]
2026-05-08 11:50:13,200 [INFO] Epoch 7 | Reward=26.07 | Success=96.25% | DepDelay=23.68ms | Fail=3/80 | TopFail=[('candidate_infeasible', 3)]
2026-05-08 11:57:40,999 [INFO] Epoch 8 | Reward=27.08 | Success=98.75% | DepDelay=13.21ms | Fail=1/80 | TopFail=[('candidate_infeasible', 1)]
2026-05-08 12:03:58,605 [INFO] Epoch 9 | Reward=25.76 | Success=93.75% | DepDelay=17.96ms | Fail=5/80 | TopFail=[('candidate_infeasible', 4), ('no_candidates', 1)]
2026-05-08 12:11:12,509 [INFO] Epoch 10 | Reward=27.26 | Success=100.00% | DepDelay=17.45ms | Fail=0/80 | TopFail=[]
2026-05-08 12:16:26,108 [INFO] Epoch 11 | Reward=26.80 | Success=98.75% | DepDelay=20.39ms | Fail=1/80 | TopFail=[('candidate_infeasible', 1)]
2026-05-08 12:24:14,762 [INFO] Epoch 12 | Reward=26.81 | Success=97.50% | DepDelay=12.68ms | Fail=2/80 | TopFail=[('candidate_infeasible', 2)]
2026-05-08 12:32:35,252 [INFO] Epoch 13 | Reward=26.84 | Success=97.50% | DepDelay=12.78ms | Fail=2/80 | TopFail=[('candidate_infeasible', 2)]
2026-05-08 12:37:45,653 [INFO] Epoch 14 | Reward=26.72 | Success=98.75% | DepDelay=22.34ms | Fail=1/80 | TopFail=[('candidate_infeasible', 1)]
2026-05-08 12:45:11,366 [INFO] Epoch 15 | Reward=26.48 | Success=96.25% | DepDelay=13.82ms | Fail=3/80 | TopFail=[('candidate_infeasible', 3)]
2026-05-08 12:53:30,441 [INFO] Epoch 16 | Reward=26.52 | Success=96.25% | DepDelay=12.40ms | Fail=3/80 | TopFail=[('candidate_infeasible', 3)]
2026-05-08 13:00:14,194 [INFO] Epoch 17 | Reward=26.34 | Success=96.25% | DepDelay=18.45ms | Fail=3/80 | TopFail=[('candidate_infeasible', 3)]
2026-05-08 13:06:01,660 [INFO] Epoch 18 | Reward=26.53 | Success=97.50% | DepDelay=19.57ms | Fail=2/80 | TopFail=[('candidate_infeasible', 2)]
2026-05-08 13:12:42,685 [INFO] Epoch 19 | Reward=26.36 | Success=96.25% | DepDelay=17.26ms | Fail=3/80 | TopFail=[('candidate_infeasible', 3)]
2026-05-08 13:20:31,647 [INFO] Epoch 20 | Reward=25.90 | Success=93.75% | DepDelay=13.24ms | Fail=5/80 | TopFail=[('candidate_infeasible', 5)]
2026-05-08 13:27:14,117 [INFO] Epoch 21 | Reward=26.58 | Success=97.50% | DepDelay=18.49ms | Fail=2/80 | TopFail=[('candidate_infeasible', 1), ('no_candidates', 1)]
2026-05-08 13:33:13,123 [INFO] Epoch 22 | Reward=26.81 | Success=98.75% | DepDelay=19.87ms | Fail=1/80 | TopFail=[('candidate_infeasible', 1)]
2026-05-08 13:41:52,655 [INFO] Epoch 23 | Reward=26.78 | Success=97.50% | DepDelay=13.59ms | Fail=2/80 | TopFail=[('candidate_infeasible', 2)]
2026-05-08 13:50:41,562 [INFO] Epoch 24 | Reward=25.99 | Success=93.75% | DepDelay=10.93ms | Fail=5/80 | TopFail=[('candidate_infeasible', 4), ('no_candidates', 1)]
2026-05-08 13:55:44,495 [INFO] Epoch 25 | Reward=26.94 | Success=100.00% | DepDelay=24.50ms | Fail=0/80 | TopFail=[]
2026-05-08 14:04:35,592 [INFO] Epoch 26 | Reward=27.37 | Success=100.00% | DepDelay=13.83ms | Fail=0/80 | TopFail=[]
2026-05-08 14:11:52,067 [INFO] Epoch 27 | Reward=26.04 | Success=95.00% | DepDelay=17.66ms | Fail=4/80 | TopFail=[('candidate_infeasible', 3), ('no_candidates', 1)]
2026-05-08 14:20:03,130 [INFO] Epoch 28 | Reward=26.37 | Success=96.25% | DepDelay=15.87ms | Fail=3/80 | TopFail=[('candidate_infeasible', 3)]
2026-05-08 14:25:56,121 [INFO] Epoch 29 | Reward=26.79 | Success=98.75% | DepDelay=20.69ms | Fail=1/80 | TopFail=[('candidate_infeasible', 1)]
2026-05-08 14:34:53,822 [INFO] Epoch 30 | Reward=26.22 | Success=95.00% | DepDelay=12.46ms | Fail=4/80 | TopFail=[('candidate_infeasible', 4)]
2026-05-08 14:44:17,061 [INFO] Epoch 31 | Reward=26.82 | Success=97.50% | DepDelay=12.87ms | Fail=2/80 | TopFail=[('candidate_infeasible', 2)]
2026-05-08 14:50:02,004 [INFO] Epoch 32 | Reward=26.09 | Success=96.25% | DepDelay=23.41ms | Fail=3/80 | TopFail=[('candidate_infeasible', 3)]
2026-05-08 14:58:32,752 [INFO] Epoch 33 | Reward=27.37 | Success=100.00% | DepDelay=13.92ms | Fail=0/80 | TopFail=[]
2026-05-08 15:08:03,574 [INFO] Epoch 34 | Reward=26.83 | Success=97.50% | DepDelay=12.59ms | Fail=2/80 | TopFail=[('candidate_infeasible', 2)]
2026-05-08 15:15:29,724 [INFO] Epoch 35 | Reward=26.04 | Success=95.00% | DepDelay=17.32ms | Fail=4/80 | TopFail=[('candidate_infeasible', 4)]
2026-05-08 15:21:56,070 [INFO] Epoch 36 | Reward=26.82 | Success=98.75% | DepDelay=20.60ms | Fail=1/80 | TopFail=[('candidate_infeasible', 1)]
2026-05-08 15:29:29,241 [INFO] Epoch 37 | Reward=26.90 | Success=98.75% | DepDelay=18.58ms | Fail=1/80 | TopFail=[('candidate_infeasible', 1)]
2026-05-08 15:38:29,072 [INFO] Epoch 38 | Reward=27.40 | Success=100.00% | DepDelay=13.05ms | Fail=0/80 | TopFail=[]
2026-05-08 15:46:02,083 [INFO] Epoch 39 | Reward=26.92 | Success=98.75% | DepDelay=17.83ms | Fail=1/80 | TopFail=[('candidate_infeasible', 1)]
2026-05-08 15:52:28,835 [INFO] Epoch 40 | Reward=27.16 | Success=100.00% | DepDelay=18.99ms | Fail=0/80 | TopFail=[]
2026-05-08 16:01:46,588 [INFO] Epoch 41 | Reward=27.14 | Success=98.75% | DepDelay=12.23ms | Fail=1/80 | TopFail=[('candidate_infeasible', 1)]
2026-05-08 16:11:01,827 [INFO] Epoch 42 | Reward=26.54 | Success=96.25% | DepDelay=12.58ms | Fail=3/80 | TopFail=[('candidate_infeasible', 2), ('no_candidates', 1)]
2026-05-08 16:16:05,163 [INFO] Epoch 43 | Reward=26.38 | Success=97.50% | DepDelay=23.98ms | Fail=2/80 | TopFail=[('candidate_infeasible', 2)]
2026-05-08 16:25:22,691 [INFO] Epoch 44 | Reward=26.50 | Success=96.25% | DepDelay=14.10ms | Fail=3/80 | TopFail=[('candidate_infeasible', 3)]
2026-05-08 16:33:13,952 [INFO] Epoch 45 | Reward=27.23 | Success=100.00% | DepDelay=18.18ms | Fail=0/80 | TopFail=[]
2026-05-08 16:41:37,365 [INFO] Epoch 46 | Reward=26.39 | Success=96.25% | DepDelay=16.39ms | Fail=3/80 | TopFail=[('candidate_infeasible', 2), ('no_candidates', 1)]
2026-05-08 16:47:45,352 [INFO] Epoch 47 | Reward=26.80 | Success=98.75% | DepDelay=20.95ms | Fail=1/80 | TopFail=[('candidate_infeasible', 1)]
2026-05-08 16:57:18,340 [INFO] Epoch 48 | Reward=27.08 | Success=98.75% | DepDelay=13.62ms | Fail=1/80 | TopFail=[('candidate_infeasible', 1)]
2026-05-08 17:07:15,059 [INFO] Epoch 49 | Reward=26.84 | Success=97.50% | DepDelay=12.71ms | Fail=2/80 | TopFail=[('candidate_infeasible', 2)]
2026-05-08 17:13:17,910 [INFO] Epoch 50 | Reward=26.98 | Success=100.00% | DepDelay=23.85ms | Fail=0/80 | TopFail=[]
2026-05-08 18:04:39,752 [INFO] Epoch 1 | Reward=26.34 | Success=100.00% | DepDelay=39.81ms | Fail=0/40 | TopFail=[]
2026-05-08 18:09:21,484 [INFO] Epoch 2 | Reward=25.90 | Success=97.50% | DepDelay=38.03ms | Fail=1/40 | TopFail=[('candidate_infeasible', 1)]
2026-05-08 18:12:52,555 [INFO] Epoch 3 | Reward=25.99 | Success=97.50% | DepDelay=34.25ms | Fail=1/40 | TopFail=[('candidate_infeasible', 1)]
2026-05-08 18:17:29,897 [INFO] Epoch 4 | Reward=26.47 | Success=100.00% | DepDelay=40.51ms | Fail=0/40 | TopFail=[]
2026-05-08 18:21:59,339 [INFO] Epoch 5 | Reward=25.74 | Success=97.50% | DepDelay=40.22ms | Fail=1/40 | TopFail=[('candidate_infeasible', 1)]
2026-05-08 18:26:24,671 [INFO] Epoch 6 | Reward=26.46 | Success=100.00% | DepDelay=38.63ms | Fail=0/40 | TopFail=[]
2026-05-08 18:41:15,539 [INFO] Epoch 7 | Reward=26.48 | Success=95.62% | DepDelay=11.02ms | Fail=7/160 | TopFail=[('candidate_infeasible', 6), ('no_candidates', 1)]
2026-05-08 18:55:28,263 [INFO] Epoch 8 | Reward=26.45 | Success=96.25% | DepDelay=15.37ms | Fail=6/160 | TopFail=[('candidate_infeasible', 5), ('no_candidates', 1)]
2026-05-08 19:06:23,182 [INFO] Epoch 9 | Reward=26.53 | Success=98.12% | DepDelay=25.12ms | Fail=3/160 | TopFail=[('candidate_infeasible', 3)]
2026-05-08 19:15:10,369 [INFO] Epoch 10 | Reward=26.30 | Success=98.12% | DepDelay=30.46ms | Fail=3/160 | TopFail=[('candidate_infeasible', 3)]
2026-05-08 19:29:24,409 [INFO] Epoch 11 | Reward=26.58 | Success=96.88% | DepDelay=16.02ms | Fail=5/160 | TopFail=[('candidate_infeasible', 5)]
2026-05-08 19:45:32,128 [INFO] Epoch 12 | Reward=26.79 | Success=96.88% | DepDelay=10.93ms | Fail=5/160 | TopFail=[('candidate_infeasible', 3), ('no_candidates', 2)]
2026-05-08 20:00:51,890 [INFO] Epoch 13 | Reward=27.04 | Success=98.75% | DepDelay=15.71ms | Fail=2/160 | TopFail=[('candidate_infeasible', 2)]
2026-05-08 20:12:14,390 [INFO] Epoch 14 | Reward=26.54 | Success=98.12% | DepDelay=24.88ms | Fail=3/160 | TopFail=[('candidate_infeasible', 2), ('no_candidates', 1)]
2026-05-08 20:21:16,595 [INFO] Epoch 15 | Reward=25.88 | Success=96.25% | DepDelay=29.58ms | Fail=6/160 | TopFail=[('candidate_infeasible', 5), ('no_candidates', 1)]
2026-05-08 20:36:54,769 [INFO] Epoch 16 | Reward=27.18 | Success=99.38% | DepDelay=15.80ms | Fail=1/160 | TopFail=[('candidate_infeasible', 1)]
2026-05-08 20:54:19,910 [INFO] Epoch 17 | Reward=27.06 | Success=98.12% | DepDelay=11.12ms | Fail=3/160 | TopFail=[('candidate_infeasible', 3)]
2026-05-08 21:09:48,864 [INFO] Epoch 18 | Reward=27.05 | Success=98.75% | DepDelay=15.38ms | Fail=2/160 | TopFail=[('candidate_infeasible', 2)]
2026-05-08 21:21:31,505 [INFO] Epoch 19 | Reward=26.51 | Success=98.12% | DepDelay=25.52ms | Fail=3/160 | TopFail=[('candidate_infeasible', 2), ('no_candidates', 1)]
2026-05-08 21:30:44,277 [INFO] Epoch 20 | Reward=26.25 | Success=98.12% | DepDelay=31.28ms | Fail=3/160 | TopFail=[('candidate_infeasible', 2), ('no_candidates', 1)]
2026-05-08 21:46:39,120 [INFO] Epoch 21 | Reward=26.74 | Success=97.50% | DepDelay=15.72ms | Fail=4/160 | TopFail=[('candidate_infeasible', 3), ('no_candidates', 1)]
2026-05-08 22:05:04,867 [INFO] Epoch 22 | Reward=26.62 | Success=96.25% | DepDelay=11.14ms | Fail=6/160 | TopFail=[('candidate_infeasible', 5), ('no_candidates', 1)]
2026-05-08 22:21:43,322 [INFO] Epoch 23 | Reward=27.05 | Success=98.75% | DepDelay=15.33ms | Fail=2/160 | TopFail=[('candidate_infeasible', 2)]
2026-05-08 22:33:52,766 [INFO] Epoch 24 | Reward=26.38 | Success=97.50% | DepDelay=25.00ms | Fail=4/160 | TopFail=[('candidate_infeasible', 4)]
2026-05-08 22:43:14,915 [INFO] Epoch 25 | Reward=26.41 | Success=98.75% | DepDelay=31.20ms | Fail=2/160 | TopFail=[('no_candidates', 1), ('candidate_infeasible', 1)]
2026-05-08 22:59:06,931 [INFO] Epoch 26 | Reward=26.16 | Success=95.00% | DepDelay=15.30ms | Fail=8/160 | TopFail=[('candidate_infeasible', 8)]
2026-05-08 23:17:26,129 [INFO] Epoch 27 | Reward=26.91 | Success=97.50% | DepDelay=11.02ms | Fail=4/160 | TopFail=[('candidate_infeasible', 4)]
2026-05-08 23:33:58,444 [INFO] Epoch 28 | Reward=26.34 | Success=95.62% | DepDelay=14.98ms | Fail=7/160 | TopFail=[('candidate_infeasible', 7)]
2026-05-08 23:46:07,322 [INFO] Epoch 29 | Reward=26.35 | Success=97.50% | DepDelay=24.88ms | Fail=4/160 | TopFail=[('no_candidates', 2), ('candidate_infeasible', 2)]
2026-05-08 23:55:35,530 [INFO] Epoch 30 | Reward=26.11 | Success=97.50% | DepDelay=30.88ms | Fail=4/160 | TopFail=[('candidate_infeasible', 2), ('no_candidates', 2)]
2026-05-09 00:11:39,296 [INFO] Epoch 31 | Reward=26.59 | Success=96.88% | DepDelay=15.75ms | Fail=5/160 | TopFail=[('candidate_infeasible', 5)]
2026-05-09 00:30:02,091 [INFO] Epoch 32 | Reward=26.47 | Success=95.62% | DepDelay=11.10ms | Fail=7/160 | TopFail=[('candidate_infeasible', 6), ('no_candidates', 1)]
2026-05-09 00:46:42,163 [INFO] Epoch 33 | Reward=26.35 | Success=95.62% | DepDelay=14.89ms | Fail=7/160 | TopFail=[('candidate_infeasible', 7)]
2026-05-09 00:58:48,055 [INFO] Epoch 34 | Reward=26.33 | Success=97.50% | DepDelay=25.85ms | Fail=4/160 | TopFail=[('candidate_infeasible', 2), ('no_candidates', 2)]
2026-05-09 01:08:17,258 [INFO] Epoch 35 | Reward=26.26 | Success=98.12% | DepDelay=30.93ms | Fail=3/160 | TopFail=[('no_candidates', 2), ('candidate_infeasible', 1)]
2026-05-09 01:24:08,726 [INFO] Epoch 36 | Reward=26.14 | Success=95.00% | DepDelay=15.48ms | Fail=8/160 | TopFail=[('candidate_infeasible', 7), ('no_candidates', 1)]
2026-05-09 01:42:31,971 [INFO] Epoch 37 | Reward=26.73 | Success=96.88% | DepDelay=11.66ms | Fail=5/160 | TopFail=[('candidate_infeasible', 5)]
2026-05-09 01:59:08,959 [INFO] Epoch 38 | Reward=25.73 | Success=93.12% | DepDelay=15.00ms | Fail=11/160 | TopFail=[('candidate_infeasible', 8), ('no_candidates', 3)]
2026-05-09 02:11:26,887 [INFO] Epoch 39 | Reward=26.65 | Success=98.75% | DepDelay=25.39ms | Fail=2/160 | TopFail=[('candidate_infeasible', 2)]
2026-05-09 02:20:55,968 [INFO] Epoch 40 | Reward=25.95 | Success=96.88% | DepDelay=30.85ms | Fail=5/160 | TopFail=[('candidate_infeasible', 3), ('no_candidates', 2)]
2026-05-09 02:37:03,058 [INFO] Epoch 41 | Reward=26.58 | Success=96.88% | DepDelay=15.83ms | Fail=5/160 | TopFail=[('candidate_infeasible', 4), ('no_candidates', 1)]
2026-05-09 02:55:37,690 [INFO] Epoch 42 | Reward=27.18 | Success=98.75% | DepDelay=11.58ms | Fail=2/160 | TopFail=[('candidate_infeasible', 2)]
2026-05-09 03:12:19,391 [INFO] Epoch 43 | Reward=26.33 | Success=95.62% | DepDelay=15.27ms | Fail=7/160 | TopFail=[('candidate_infeasible', 7)]
2026-05-09 03:24:31,012 [INFO] Epoch 44 | Reward=26.64 | Success=98.75% | DepDelay=25.75ms | Fail=2/160 | TopFail=[('no_candidates', 2)]
2026-05-09 03:34:02,722 [INFO] Epoch 45 | Reward=25.93 | Success=96.88% | DepDelay=31.69ms | Fail=5/160 | TopFail=[('candidate_infeasible', 3), ('no_candidates', 2)]
2026-05-09 03:50:08,374 [INFO] Epoch 46 | Reward=26.15 | Success=95.00% | DepDelay=15.53ms | Fail=8/160 | TopFail=[('candidate_infeasible', 7), ('no_candidates', 1)]
2026-05-09 04:08:27,508 [INFO] Epoch 47 | Reward=26.44 | Success=95.62% | DepDelay=11.22ms | Fail=7/160 | TopFail=[('candidate_infeasible', 6), ('no_candidates', 1)]
2026-05-09 04:25:06,706 [INFO] Epoch 48 | Reward=26.73 | Success=97.50% | DepDelay=15.88ms | Fail=4/160 | TopFail=[('candidate_infeasible', 3), ('no_candidates', 1)]
2026-05-09 04:37:28,077 [INFO] Epoch 49 | Reward=26.33 | Success=97.50% | DepDelay=25.95ms | Fail=4/160 | TopFail=[('candidate_infeasible', 4)]
2026-05-09 04:46:58,381 [INFO] Epoch 50 | Reward=25.85 | Success=96.25% | DepDelay=30.05ms | Fail=6/160 | TopFail=[('candidate_infeasible', 4), ('no_candidates', 2)]
2026-05-09 05:02:59,186 [INFO] Epoch 51 | Reward=26.42 | Success=96.25% | DepDelay=15.60ms | Fail=6/160 | TopFail=[('candidate_infeasible', 5), ('no_candidates', 1)]
2026-05-09 05:21:25,010 [INFO] Epoch 52 | Reward=26.73 | Success=96.88% | DepDelay=11.61ms | Fail=5/160 | TopFail=[('candidate_infeasible', 4), ('no_candidates', 1)]
2026-05-09 05:38:05,323 [INFO] Epoch 53 | Reward=26.16 | Success=95.00% | DepDelay=14.80ms | Fail=8/160 | TopFail=[('candidate_infeasible', 6), ('no_candidates', 2)]
2026-05-09 05:50:18,902 [INFO] Epoch 54 | Reward=26.62 | Success=98.75% | DepDelay=25.81ms | Fail=2/160 | TopFail=[('candidate_infeasible', 2)]
2026-05-09 05:59:46,509 [INFO] Epoch 55 | Reward=25.65 | Success=95.62% | DepDelay=31.01ms | Fail=7/160 | TopFail=[('candidate_infeasible', 4), ('no_candidates', 3)]
2026-05-09 06:15:50,631 [INFO] Epoch 56 | Reward=26.26 | Success=95.62% | DepDelay=15.84ms | Fail=7/160 | TopFail=[('candidate_infeasible', 5), ('no_candidates', 2)]
2026-05-09 06:34:21,453 [INFO] Epoch 57 | Reward=27.32 | Success=99.38% | DepDelay=11.78ms | Fail=1/160 | TopFail=[('no_candidates', 1)]
2026-05-09 06:51:03,533 [INFO] Epoch 58 | Reward=26.71 | Success=97.50% | DepDelay=15.56ms | Fail=4/160 | TopFail=[('candidate_infeasible', 4)]
2026-05-09 07:03:12,326 [INFO] Epoch 59 | Reward=26.31 | Success=97.50% | DepDelay=26.15ms | Fail=4/160 | TopFail=[('candidate_infeasible', 4)]
2026-05-09 07:12:42,100 [INFO] Epoch 60 | Reward=25.52 | Success=95.00% | DepDelay=30.24ms | Fail=8/160 | TopFail=[('candidate_infeasible', 4), ('no_candidates', 4)]
2026-05-09 07:28:42,760 [INFO] Epoch 61 | Reward=26.25 | Success=95.62% | DepDelay=16.05ms | Fail=7/160 | TopFail=[('candidate_infeasible', 6), ('no_candidates', 1)]
2026-05-09 07:47:19,914 [INFO] Epoch 62 | Reward=26.75 | Success=96.88% | DepDelay=11.47ms | Fail=5/160 | TopFail=[('candidate_infeasible', 5)]
2026-05-09 08:03:57,682 [INFO] Epoch 63 | Reward=26.01 | Success=94.38% | DepDelay=15.15ms | Fail=9/160 | TopFail=[('candidate_infeasible', 8), ('no_candidates', 1)]
2026-05-09 08:16:14,907 [INFO] Epoch 64 | Reward=25.47 | Success=93.75% | DepDelay=24.79ms | Fail=10/160 | TopFail=[('candidate_infeasible', 8), ('no_candidates', 2)]
2026-05-09 08:25:46,239 [INFO] Epoch 65 | Reward=25.80 | Success=96.25% | DepDelay=30.94ms | Fail=6/160 | TopFail=[('no_candidates', 5), ('candidate_infeasible', 1)]
2026-05-09 08:41:49,606 [INFO] Epoch 66 | Reward=26.11 | Success=95.00% | DepDelay=15.46ms | Fail=8/160 | TopFail=[('candidate_infeasible', 6), ('no_candidates', 2)]
2026-05-09 09:00:21,140 [INFO] Epoch 67 | Reward=26.90 | Success=97.50% | DepDelay=11.19ms | Fail=4/160 | TopFail=[('candidate_infeasible', 4)]
2026-05-09 09:16:59,999 [INFO] Epoch 68 | Reward=26.42 | Success=96.25% | DepDelay=15.77ms | Fail=6/160 | TopFail=[('candidate_infeasible', 4), ('no_candidates', 2)]
2026-05-09 09:29:11,898 [INFO] Epoch 69 | Reward=26.45 | Success=98.12% | DepDelay=26.08ms | Fail=3/160 | TopFail=[('candidate_infeasible', 2), ('no_candidates', 1)]
2026-05-09 09:38:43,579 [INFO] Epoch 70 | Reward=26.11 | Success=97.50% | DepDelay=30.36ms | Fail=4/160 | TopFail=[('no_candidates', 2), ('candidate_infeasible', 2)]
2026-05-09 09:54:49,265 [INFO] Epoch 71 | Reward=26.55 | Success=96.88% | DepDelay=15.99ms | Fail=5/160 | TopFail=[('candidate_infeasible', 5)]
2026-05-09 10:13:20,536 [INFO] Epoch 72 | Reward=26.59 | Success=96.25% | DepDelay=11.26ms | Fail=6/160 | TopFail=[('candidate_infeasible', 4), ('no_candidates', 2)]
2026-05-09 10:30:02,872 [INFO] Epoch 73 | Reward=26.14 | Success=95.00% | DepDelay=15.42ms | Fail=8/160 | TopFail=[('candidate_infeasible', 8)]
2026-05-09 10:42:16,109 [INFO] Epoch 74 | Reward=26.64 | Success=98.75% | DepDelay=25.10ms | Fail=2/160 | TopFail=[('candidate_infeasible', 2)]
2026-05-09 10:51:45,660 [INFO] Epoch 75 | Reward=25.94 | Success=96.88% | DepDelay=31.18ms | Fail=5/160 | TopFail=[('no_candidates', 3), ('candidate_infeasible', 2)]
2026-05-09 11:07:48,691 [INFO] Epoch 76 | Reward=26.41 | Success=96.25% | DepDelay=15.53ms | Fail=6/160 | TopFail=[('candidate_infeasible', 5), ('no_candidates', 1)]
2026-05-09 11:26:14,558 [INFO] Epoch 77 | Reward=26.60 | Success=96.25% | DepDelay=11.60ms | Fail=6/160 | TopFail=[('candidate_infeasible', 6)]
2026-05-09 11:42:56,578 [INFO] Epoch 78 | Reward=26.87 | Success=98.12% | DepDelay=15.76ms | Fail=3/160 | TopFail=[('no_candidates', 2), ('candidate_infeasible', 1)]
2026-05-09 11:55:12,449 [INFO] Epoch 79 | Reward=26.19 | Success=96.88% | DepDelay=25.32ms | Fail=5/160 | TopFail=[('candidate_infeasible', 4), ('no_candidates', 1)]
2026-05-09 12:04:47,046 [INFO] Epoch 80 | Reward=25.84 | Success=96.25% | DepDelay=30.05ms | Fail=6/160 | TopFail=[('no_candidates', 3), ('candidate_infeasible', 3)]
2026-05-11 00:24:14,797 [INFO] Epoch 1 | Reward=26.40 | Success=100.00% | DepDelay=40.58ms | Fail=0/40 | TopFail=[]
2026-05-11 00:30:37,863 [INFO] Epoch 2 | Reward=26.33 | Success=100.00% | DepDelay=41.19ms | Fail=0/40 | TopFail=[]
2026-05-11 00:37:05,073 [INFO] Epoch 3 | Reward=26.20 | Success=100.00% | DepDelay=44.53ms | Fail=0/40 | TopFail=[]
2026-05-11 00:43:15,386 [INFO] Epoch 4 | Reward=26.43 | Success=100.00% | DepDelay=41.75ms | Fail=0/40 | TopFail=[]
2026-05-11 00:49:35,392 [INFO] Epoch 5 | Reward=26.42 | Success=100.00% | DepDelay=40.19ms | Fail=0/40 | TopFail=[]
2026-05-11 00:56:03,228 [INFO] Epoch 6 | Reward=26.33 | Success=100.00% | DepDelay=41.31ms | Fail=0/40 | TopFail=[]
2026-05-11 01:12:15,046 [INFO] Epoch 7 | Reward=26.48 | Success=95.62% | DepDelay=11.37ms | Fail=7/160 | TopFail=[('candidate_infeasible', 4), ('no_candidates', 3)]
2026-05-11 01:29:30,857 [INFO] Epoch 8 | Reward=26.76 | Success=96.88% | DepDelay=11.33ms | Fail=5/160 | TopFail=[('candidate_infeasible', 4), ('no_candidates', 1)]
2026-05-11 01:43:57,806 [INFO] Epoch 9 | Reward=26.35 | Success=98.75% | DepDelay=32.47ms | Fail=2/160 | TopFail=[('candidate_infeasible', 1), ('no_candidates', 1)]
2026-05-11 01:58:05,045 [INFO] Epoch 10 | Reward=26.27 | Success=98.75% | DepDelay=35.64ms | Fail=2/160 | TopFail=[('candidate_infeasible', 2)]
2026-05-11 02:15:11,674 [INFO] Epoch 11 | Reward=26.75 | Success=97.50% | DepDelay=15.98ms | Fail=4/160 | TopFail=[('candidate_infeasible', 2), ('no_candidates', 2)]
2026-05-11 02:33:37,333 [INFO] Epoch 12 | Reward=26.33 | Success=95.00% | DepDelay=11.40ms | Fail=8/160 | TopFail=[('no_candidates', 5), ('candidate_infeasible', 3)]
2026-05-11 02:53:31,161 [INFO] Epoch 13 | Reward=27.02 | Success=98.12% | DepDelay=12.03ms | Fail=3/160 | TopFail=[('no_candidates', 2), ('candidate_infeasible', 1)]
2026-05-11 03:08:52,067 [INFO] Epoch 14 | Reward=26.36 | Success=98.75% | DepDelay=32.41ms | Fail=2/160 | TopFail=[('candidate_infeasible', 2)]
2026-05-11 03:23:29,248 [INFO] Epoch 15 | Reward=26.26 | Success=98.75% | DepDelay=35.90ms | Fail=2/160 | TopFail=[('candidate_infeasible', 2)]
2026-05-11 03:41:36,979 [INFO] Epoch 16 | Reward=25.83 | Success=93.75% | DepDelay=15.67ms | Fail=10/160 | TopFail=[('candidate_infeasible', 7), ('no_candidates', 3)]
2026-05-11 04:00:58,190 [INFO] Epoch 17 | Reward=25.86 | Success=93.12% | DepDelay=11.17ms | Fail=11/160 | TopFail=[('candidate_infeasible', 7), ('no_candidates', 4)]
2026-05-11 04:21:17,363 [INFO] Epoch 18 | Reward=27.18 | Success=98.75% | DepDelay=12.30ms | Fail=2/160 | TopFail=[('no_candidates', 1), ('candidate_infeasible', 1)]
2026-05-11 04:36:43,294 [INFO] Epoch 19 | Reward=26.37 | Success=98.75% | DepDelay=32.07ms | Fail=2/160 | TopFail=[('candidate_infeasible', 2)]
2026-05-11 04:51:26,316 [INFO] Epoch 20 | Reward=26.36 | Success=99.38% | DepDelay=36.67ms | Fail=1/160 | TopFail=[('candidate_infeasible', 1)]
2026-05-11 05:09:27,604 [INFO] Epoch 21 | Reward=26.59 | Success=96.88% | DepDelay=15.82ms | Fail=5/160 | TopFail=[('candidate_infeasible', 5)]
2026-05-11 05:28:33,208 [INFO] Epoch 22 | Reward=26.77 | Success=96.88% | DepDelay=11.93ms | Fail=5/160 | TopFail=[('candidate_infeasible', 3), ('no_candidates', 2)]
2026-05-11 05:48:46,030 [INFO] Epoch 23 | Reward=26.86 | Success=97.50% | DepDelay=12.35ms | Fail=4/160 | TopFail=[('no_candidates', 2), ('candidate_infeasible', 2)]
2026-05-11 06:04:17,854 [INFO] Epoch 24 | Reward=26.21 | Success=98.12% | DepDelay=32.67ms | Fail=3/160 | TopFail=[('candidate_infeasible', 3)]
2026-05-11 06:19:06,638 [INFO] Epoch 25 | Reward=26.26 | Success=98.75% | DepDelay=35.67ms | Fail=2/160 | TopFail=[('candidate_infeasible', 2)]
2026-05-11 06:37:28,728 [INFO] Epoch 26 | Reward=26.44 | Success=96.25% | DepDelay=15.85ms | Fail=6/160 | TopFail=[('candidate_infeasible', 4), ('no_candidates', 2)]
2026-05-11 06:57:10,461 [INFO] Epoch 27 | Reward=27.03 | Success=98.12% | DepDelay=12.62ms | Fail=3/160 | TopFail=[('candidate_infeasible', 2), ('no_candidates', 1)]
2026-05-11 07:17:25,112 [INFO] Epoch 28 | Reward=26.73 | Success=96.88% | DepDelay=11.83ms | Fail=5/160 | TopFail=[('candidate_infeasible', 5)]
2026-05-11 07:32:54,335 [INFO] Epoch 29 | Reward=26.35 | Success=98.75% | DepDelay=32.22ms | Fail=2/160 | TopFail=[('candidate_infeasible', 2)]
2026-05-11 07:47:45,221 [INFO] Epoch 30 | Reward=26.24 | Success=98.75% | DepDelay=36.19ms | Fail=2/160 | TopFail=[('candidate_infeasible', 2)]
2026-05-11 08:06:07,821 [INFO] Epoch 31 | Reward=26.44 | Success=96.25% | DepDelay=16.02ms | Fail=6/160 | TopFail=[('candidate_infeasible', 5), ('no_candidates', 1)]
2026-05-11 08:25:47,001 [INFO] Epoch 32 | Reward=26.61 | Success=96.25% | DepDelay=12.10ms | Fail=6/160 | TopFail=[('candidate_infeasible', 4), ('no_candidates', 2)]
2026-05-11 08:46:10,322 [INFO] Epoch 33 | Reward=26.42 | Success=95.62% | DepDelay=11.97ms | Fail=7/160 | TopFail=[('candidate_infeasible', 6), ('no_candidates', 1)]
2026-05-11 09:01:47,391 [INFO] Epoch 34 | Reward=26.32 | Success=98.75% | DepDelay=33.14ms | Fail=2/160 | TopFail=[('candidate_infeasible', 2)]
2026-05-11 09:16:37,389 [INFO] Epoch 35 | Reward=26.20 | Success=98.75% | DepDelay=37.56ms | Fail=2/160 | TopFail=[('candidate_infeasible', 2)]
2026-05-11 09:35:07,927 [INFO] Epoch 36 | Reward=26.44 | Success=96.25% | DepDelay=16.01ms | Fail=6/160 | TopFail=[('candidate_infeasible', 5), ('no_candidates', 1)]
2026-05-11 09:54:55,386 [INFO] Epoch 37 | Reward=26.60 | Success=96.25% | DepDelay=11.98ms | Fail=6/160 | TopFail=[('candidate_infeasible', 5), ('no_candidates', 1)]
2026-05-11 10:15:19,574 [INFO] Epoch 38 | Reward=26.71 | Success=96.88% | DepDelay=11.99ms | Fail=5/160 | TopFail=[('candidate_infeasible', 5)]
2026-05-11 10:30:57,662 [INFO] Epoch 39 | Reward=26.19 | Success=98.12% | DepDelay=32.80ms | Fail=3/160 | TopFail=[('candidate_infeasible', 3)]
2026-05-11 10:45:48,979 [INFO] Epoch 40 | Reward=26.20 | Success=98.75% | DepDelay=36.90ms | Fail=2/160 | TopFail=[('candidate_infeasible', 2)]
2026-05-11 11:04:18,190 [INFO] Epoch 41 | Reward=26.01 | Success=94.38% | DepDelay=15.78ms | Fail=9/160 | TopFail=[('candidate_infeasible', 9)]
2026-05-11 11:24:01,599 [INFO] Epoch 42 | Reward=26.72 | Success=96.88% | DepDelay=12.15ms | Fail=5/160 | TopFail=[('candidate_infeasible', 4), ('no_candidates', 1)]
2026-05-11 11:44:36,781 [INFO] Epoch 43 | Reward=27.17 | Success=98.75% | DepDelay=12.41ms | Fail=2/160 | TopFail=[('candidate_infeasible', 2)]
2026-05-11 11:59:55,065 [INFO] Epoch 44 | Reward=26.03 | Success=97.50% | DepDelay=32.73ms | Fail=4/160 | TopFail=[('candidate_infeasible', 4)]
2026-05-11 12:14:26,811 [INFO] Epoch 45 | Reward=25.89 | Success=97.50% | DepDelay=36.51ms | Fail=4/160 | TopFail=[('candidate_infeasible', 4)]
2026-05-11 12:31:58,621 [INFO] Epoch 46 | Reward=25.82 | Success=93.75% | DepDelay=16.06ms | Fail=10/160 | TopFail=[('candidate_infeasible', 9), ('no_candidates', 1)]
2026-05-11 12:50:53,990 [INFO] Epoch 47 | Reward=27.02 | Success=98.12% | DepDelay=12.79ms | Fail=3/160 | TopFail=[('candidate_infeasible', 3)]
2026-05-11 13:11:45,206 [INFO] Epoch 48 | Reward=26.27 | Success=95.00% | DepDelay=11.99ms | Fail=8/160 | TopFail=[('candidate_infeasible', 7), ('no_candidates', 1)]
2026-05-11 13:34:08,167 [INFO] Epoch 49 | Reward=26.07 | Success=97.50% | DepDelay=32.10ms | Fail=4/160 | TopFail=[('candidate_infeasible', 4)]
2026-05-11 13:48:31,129 [INFO] Epoch 50 | Reward=26.50 | Success=100.00% | DepDelay=36.79ms | Fail=0/160 | TopFail=[]
2026-05-11 14:05:01,958 [INFO] Epoch 51 | Reward=26.25 | Success=95.62% | DepDelay=16.53ms | Fail=7/160 | TopFail=[('candidate_infeasible', 6), ('no_candidates', 1)]
2026-05-11 14:22:43,023 [INFO] Epoch 52 | Reward=26.40 | Success=95.62% | DepDelay=12.82ms | Fail=7/160 | TopFail=[('candidate_infeasible', 5), ('no_candidates', 2)]
2026-05-11 14:50:43,456 [INFO] Epoch 53 | Reward=26.70 | Success=96.88% | DepDelay=12.89ms | Fail=5/160 | TopFail=[('candidate_infeasible', 5)]
2026-05-11 15:13:24,375 [INFO] Epoch 54 | Reward=26.13 | Success=98.12% | DepDelay=34.11ms | Fail=3/160 | TopFail=[('candidate_infeasible', 3)]
2026-05-11 15:34:26,286 [INFO] Epoch 55 | Reward=26.04 | Success=98.12% | DepDelay=36.89ms | Fail=3/160 | TopFail=[('candidate_infeasible', 3)]
2026-05-11 15:59:39,005 [INFO] Epoch 56 | Reward=25.98 | Success=94.38% | DepDelay=16.64ms | Fail=9/160 | TopFail=[('candidate_infeasible', 9)]
2026-05-11 16:23:43,288 [INFO] Epoch 57 | Reward=26.54 | Success=96.25% | DepDelay=12.91ms | Fail=6/160 | TopFail=[('candidate_infeasible', 6)]
2026-05-11 16:40:12,694 [INFO] Epoch 58 | Reward=25.21 | Success=90.62% | DepDelay=11.94ms | Fail=15/160 | TopFail=[('candidate_infeasible', 14), ('no_candidates', 1)]
2026-05-11 16:54:33,378 [INFO] Epoch 59 | Reward=26.31 | Success=98.75% | DepDelay=33.54ms | Fail=2/160 | TopFail=[('candidate_infeasible', 2)]
2026-05-11 17:08:17,114 [INFO] Epoch 60 | Reward=26.31 | Success=99.38% | DepDelay=37.06ms | Fail=1/160 | TopFail=[('candidate_infeasible', 1)]
2026-05-11 17:23:22,206 [INFO] Epoch 61 | Reward=26.85 | Success=98.12% | DepDelay=16.89ms | Fail=3/160 | TopFail=[('candidate_infeasible', 3)]
2026-05-11 17:39:12,730 [INFO] Epoch 62 | Reward=26.39 | Success=95.62% | DepDelay=12.91ms | Fail=7/160 | TopFail=[('candidate_infeasible', 6), ('no_candidates', 1)]
2026-05-11 17:56:03,300 [INFO] Epoch 63 | Reward=26.28 | Success=95.00% | DepDelay=12.08ms | Fail=8/160 | TopFail=[('candidate_infeasible', 8)]
2026-05-11 18:09:45,588 [INFO] Epoch 64 | Reward=26.28 | Success=98.75% | DepDelay=34.17ms | Fail=2/160 | TopFail=[('candidate_infeasible', 2)]
2026-05-11 18:23:12,330 [INFO] Epoch 65 | Reward=26.47 | Success=100.00% | DepDelay=36.84ms | Fail=0/160 | TopFail=[]
2026-05-11 18:38:41,651 [INFO] Epoch 66 | Reward=26.69 | Success=97.50% | DepDelay=17.09ms | Fail=4/160 | TopFail=[('candidate_infeasible', 4)]
2026-05-11 18:54:58,947 [INFO] Epoch 67 | Reward=26.24 | Success=95.00% | DepDelay=13.29ms | Fail=8/160 | TopFail=[('candidate_infeasible', 6), ('no_candidates', 2)]
2026-05-11 19:12:11,959 [INFO] Epoch 68 | Reward=26.44 | Success=95.62% | DepDelay=11.82ms | Fail=7/160 | TopFail=[('candidate_infeasible', 7)]
2026-05-11 19:26:13,703 [INFO] Epoch 69 | Reward=26.15 | Success=98.12% | DepDelay=33.53ms | Fail=3/160 | TopFail=[('candidate_infeasible', 3)]
2026-05-11 19:39:52,354 [INFO] Epoch 70 | Reward=26.34 | Success=99.38% | DepDelay=36.69ms | Fail=1/160 | TopFail=[('candidate_infeasible', 1)]
2026-05-11 19:55:48,430 [INFO] Epoch 71 | Reward=26.25 | Success=95.62% | DepDelay=16.56ms | Fail=7/160 | TopFail=[('candidate_infeasible', 5), ('no_candidates', 2)]
2026-05-11 20:13:15,616 [INFO] Epoch 72 | Reward=26.70 | Success=96.88% | DepDelay=13.03ms | Fail=5/160 | TopFail=[('candidate_infeasible', 5)]
2026-05-11 20:31:09,490 [INFO] Epoch 73 | Reward=25.55 | Success=91.88% | DepDelay=11.55ms | Fail=13/160 | TopFail=[('candidate_infeasible', 13)]
2026-05-11 20:45:22,626 [INFO] Epoch 74 | Reward=25.83 | Success=96.88% | DepDelay=33.48ms | Fail=5/160 | TopFail=[('candidate_infeasible', 3), ('no_candidates', 2)]
2026-05-11 20:59:16,628 [INFO] Epoch 75 | Reward=26.37 | Success=99.38% | DepDelay=35.85ms | Fail=1/160 | TopFail=[('candidate_infeasible', 1)]
2026-05-11 21:16:16,609 [INFO] Epoch 76 | Reward=26.12 | Success=95.00% | DepDelay=16.38ms | Fail=8/160 | TopFail=[('candidate_infeasible', 8)]
2026-05-11 21:34:25,181 [INFO] Epoch 77 | Reward=26.57 | Success=96.25% | DepDelay=12.75ms | Fail=6/160 | TopFail=[('candidate_infeasible', 5), ('no_candidates', 1)]
2026-05-11 21:53:25,906 [INFO] Epoch 78 | Reward=26.01 | Success=93.75% | DepDelay=11.45ms | Fail=10/160 | TopFail=[('candidate_infeasible', 9), ('no_candidates', 1)]
2026-05-11 22:08:25,760 [INFO] Epoch 79 | Reward=26.43 | Success=99.38% | DepDelay=33.93ms | Fail=1/160 | TopFail=[('candidate_infeasible', 1)]
2026-05-11 22:22:49,800 [INFO] Epoch 80 | Reward=26.49 | Success=100.00% | DepDelay=36.56ms | Fail=0/160 | TopFail=[]
2026-05-12 14:31:37,704 [INFO] Epoch 1 | Reward=24.23 | Success=100.00% | DepDelay=60.07ms | Fail=0/40 | TopFail=[]
2026-05-12 14:39:13,638 [INFO] Epoch 2 | Reward=24.39 | Success=100.00% | DepDelay=54.55ms | Fail=0/40 | TopFail=[]
2026-05-12 14:46:26,653 [INFO] Epoch 3 | Reward=22.87 | Success=92.50% | DepDelay=47.83ms | Fail=3/40 | TopFail=[('candidate_infeasible', 3)]
2026-05-12 14:53:48,247 [INFO] Epoch 4 | Reward=24.41 | Success=100.00% | DepDelay=63.08ms | Fail=0/40 | TopFail=[]
2026-05-12 15:01:23,673 [INFO] Epoch 5 | Reward=24.27 | Success=100.00% | DepDelay=60.31ms | Fail=0/40 | TopFail=[]
2026-05-12 15:09:08,336 [INFO] Epoch 6 | Reward=24.40 | Success=100.00% | DepDelay=55.24ms | Fail=0/40 | TopFail=[]
2026-05-12 15:28:47,706 [INFO] Epoch 7 | Reward=16.49 | Success=60.00% | DepDelay=53.54ms | Fail=64/160 | TopFail=[('candidate_infeasible', 52), ('latency_not_met', 11), ('no_candidates', 1)]
2026-05-12 15:49:22,395 [INFO] Epoch 8 | Reward=17.89 | Success=64.38% | DepDelay=55.89ms | Fail=57/160 | TopFail=[('candidate_infeasible', 54), ('latency_not_met', 3)]
2026-05-12 16:04:54,538 [INFO] Epoch 9 | Reward=21.57 | Success=86.88% | DepDelay=54.55ms | Fail=21/160 | TopFail=[('candidate_infeasible', 13), ('latency_not_met', 8)]
2026-05-12 16:19:53,565 [INFO] Epoch 10 | Reward=22.87 | Success=92.50% | DepDelay=62.40ms | Fail=12/160 | TopFail=[('candidate_infeasible', 10), ('latency_not_met', 2)]
2026-05-12 16:38:17,925 [INFO] Epoch 11 | Reward=19.14 | Success=73.12% | DepDelay=59.86ms | Fail=43/160 | TopFail=[('candidate_infeasible', 32), ('latency_not_met', 11)]
2026-05-12 16:57:29,318 [INFO] Epoch 12 | Reward=17.76 | Success=65.62% | DepDelay=58.26ms | Fail=55/160 | TopFail=[('candidate_infeasible', 45), ('latency_not_met', 10)]
2026-05-12 17:17:34,570 [INFO] Epoch 13 | Reward=17.04 | Success=61.25% | DepDelay=50.60ms | Fail=62/160 | TopFail=[('candidate_infeasible', 54), ('latency_not_met', 8)]
2026-05-12 17:33:11,978 [INFO] Epoch 14 | Reward=22.06 | Success=88.12% | DepDelay=54.46ms | Fail=19/160 | TopFail=[('candidate_infeasible', 15), ('latency_not_met', 4)]
2026-05-12 17:48:48,369 [INFO] Epoch 15 | Reward=22.04 | Success=89.38% | DepDelay=58.64ms | Fail=17/160 | TopFail=[('candidate_infeasible', 12), ('latency_not_met', 5)]
2026-05-12 18:08:04,950 [INFO] Epoch 16 | Reward=18.37 | Success=69.38% | DepDelay=56.89ms | Fail=49/160 | TopFail=[('candidate_infeasible', 39), ('latency_not_met', 10)]
2026-05-12 18:28:18,133 [INFO] Epoch 17 | Reward=16.77 | Success=61.88% | DepDelay=55.96ms | Fail=61/160 | TopFail=[('candidate_infeasible', 48), ('latency_not_met', 13)]
2026-05-12 18:49:17,896 [INFO] Epoch 18 | Reward=18.21 | Success=66.25% | DepDelay=55.14ms | Fail=54/160 | TopFail=[('candidate_infeasible', 48), ('latency_not_met', 6)]
2026-05-12 19:05:15,049 [INFO] Epoch 19 | Reward=21.99 | Success=88.12% | DepDelay=55.00ms | Fail=19/160 | TopFail=[('candidate_infeasible', 14), ('latency_not_met', 5)]
2026-05-12 19:20:45,419 [INFO] Epoch 20 | Reward=22.04 | Success=89.38% | DepDelay=58.45ms | Fail=17/160 | TopFail=[('candidate_infeasible', 12), ('latency_not_met', 5)]
2026-05-12 19:40:18,550 [INFO] Epoch 21 | Reward=19.52 | Success=75.00% | DepDelay=62.49ms | Fail=40/160 | TopFail=[('candidate_infeasible', 29), ('latency_not_met', 11)]
2026-05-12 20:00:49,749 [INFO] Epoch 22 | Reward=16.78 | Success=60.62% | DepDelay=53.14ms | Fail=63/160 | TopFail=[('candidate_infeasible', 55), ('latency_not_met', 8)]
2026-05-12 20:21:56,016 [INFO] Epoch 23 | Reward=18.38 | Success=66.88% | DepDelay=55.80ms | Fail=53/160 | TopFail=[('candidate_infeasible', 48), ('latency_not_met', 5)]
2026-05-12 20:38:02,417 [INFO] Epoch 24 | Reward=21.96 | Success=88.12% | DepDelay=54.95ms | Fail=19/160 | TopFail=[('candidate_infeasible', 14), ('latency_not_met', 5)]
2026-05-12 20:53:24,046 [INFO] Epoch 25 | Reward=21.38 | Success=86.25% | DepDelay=54.75ms | Fail=22/160 | TopFail=[('candidate_infeasible', 16), ('latency_not_met', 6)]
2026-05-12 21:11:59,475 [INFO] Epoch 26 | Reward=18.64 | Success=71.88% | DepDelay=60.73ms | Fail=45/160 | TopFail=[('candidate_infeasible', 29), ('latency_not_met', 15), ('no_candidates', 1)]
2026-05-12 21:32:27,008 [INFO] Epoch 27 | Reward=17.27 | Success=63.12% | DepDelay=55.60ms | Fail=59/160 | TopFail=[('candidate_infeasible', 49), ('latency_not_met', 9), ('no_candidates', 1)]
2026-05-12 21:53:02,136 [INFO] Epoch 28 | Reward=19.04 | Success=69.38% | DepDelay=57.50ms | Fail=49/160 | TopFail=[('candidate_infeasible', 45), ('latency_not_met', 3), ('no_candidates', 1)]
2026-05-12 22:08:46,049 [INFO] Epoch 29 | Reward=21.60 | Success=86.88% | DepDelay=53.78ms | Fail=21/160 | TopFail=[('candidate_infeasible', 14), ('latency_not_met', 7)]
2026-05-12 22:23:52,746 [INFO] Epoch 30 | Reward=21.94 | Success=88.75% | DepDelay=55.52ms | Fail=18/160 | TopFail=[('candidate_infeasible', 13), ('latency_not_met', 5)]
2026-05-12 22:42:16,019 [INFO] Epoch 31 | Reward=19.17 | Success=73.75% | DepDelay=63.51ms | Fail=42/160 | TopFail=[('candidate_infeasible', 29), ('latency_not_met', 12), ('no_candidates', 1)]
2026-05-12 23:02:28,260 [INFO] Epoch 32 | Reward=16.64 | Success=60.00% | DepDelay=52.35ms | Fail=64/160 | TopFail=[('candidate_infeasible', 55), ('latency_not_met', 8), ('no_candidates', 1)]
2026-05-12 23:23:16,498 [INFO] Epoch 33 | Reward=18.25 | Success=66.25% | DepDelay=54.99ms | Fail=54/160 | TopFail=[('candidate_infeasible', 49), ('latency_not_met', 5)]
2026-05-12 23:38:58,864 [INFO] Epoch 34 | Reward=21.34 | Success=85.62% | DepDelay=53.36ms | Fail=23/160 | TopFail=[('candidate_infeasible', 17), ('latency_not_met', 6)]
2026-05-12 23:54:48,770 [INFO] Epoch 35 | Reward=21.58 | Success=87.50% | DepDelay=53.81ms | Fail=20/160 | TopFail=[('candidate_infeasible', 14), ('latency_not_met', 6)]
2026-05-13 00:14:20,976 [INFO] Epoch 36 | Reward=18.15 | Success=69.38% | DepDelay=58.50ms | Fail=49/160 | TopFail=[('candidate_infeasible', 34), ('latency_not_met', 14), ('no_candidates', 1)]
2026-05-13 00:34:47,579 [INFO] Epoch 37 | Reward=17.85 | Success=65.62% | DepDelay=56.11ms | Fail=55/160 | TopFail=[('candidate_infeasible', 45), ('latency_not_met', 9), ('no_candidates', 1)]
2026-05-13 00:55:14,356 [INFO] Epoch 38 | Reward=17.28 | Success=62.50% | DepDelay=52.80ms | Fail=60/160 | TopFail=[('candidate_infeasible', 53), ('latency_not_met', 7)]
2026-05-13 01:11:14,034 [INFO] Epoch 39 | Reward=21.93 | Success=88.75% | DepDelay=55.48ms | Fail=18/160 | TopFail=[('candidate_infeasible', 10), ('latency_not_met', 8)]
2026-05-13 01:26:39,775 [INFO] Epoch 40 | Reward=21.66 | Success=88.12% | DepDelay=52.25ms | Fail=19/160 | TopFail=[('candidate_infeasible', 11), ('latency_not_met', 8)]
2026-05-14 01:58:39,145 [INFO] Epoch 1 | Reward=21.19 | Success=100.00% | DepDelay=18.55ms | Fail=0/36 | TopFail=[]
2026-05-14 01:59:28,535 [INFO] Epoch 2 | Reward=21.56 | Success=100.00% | DepDelay=19.92ms | Fail=0/36 | TopFail=[]
2026-05-14 02:00:16,366 [INFO] Epoch 3 | Reward=21.64 | Success=100.00% | DepDelay=20.68ms | Fail=0/36 | TopFail=[]
2026-05-14 02:01:03,777 [INFO] Epoch 4 | Reward=21.26 | Success=100.00% | DepDelay=19.02ms | Fail=0/36 | TopFail=[]
2026-05-14 02:01:51,069 [INFO] Epoch 5 | Reward=21.31 | Success=100.00% | DepDelay=18.88ms | Fail=0/36 | TopFail=[]
2026-05-14 02:04:31,990 [INFO] Epoch 6 | Reward=22.49 | Success=100.00% | DepDelay=14.85ms | Fail=0/144 | TopFail=[]
2026-05-14 02:07:21,857 [INFO] Epoch 7 | Reward=22.42 | Success=100.00% | DepDelay=13.97ms | Fail=0/144 | TopFail=[]
2026-05-14 02:10:11,722 [INFO] Epoch 8 | Reward=22.49 | Success=100.00% | DepDelay=14.85ms | Fail=0/144 | TopFail=[]
2026-05-14 02:13:01,394 [INFO] Epoch 9 | Reward=22.42 | Success=100.00% | DepDelay=13.97ms | Fail=0/144 | TopFail=[]
2026-05-14 02:15:51,644 [INFO] Epoch 10 | Reward=22.49 | Success=100.00% | DepDelay=14.85ms | Fail=0/144 | TopFail=[]
2026-05-14 02:18:42,451 [INFO] Epoch 11 | Reward=22.42 | Success=100.00% | DepDelay=13.97ms | Fail=0/144 | TopFail=[]
2026-05-14 02:21:34,617 [INFO] Epoch 12 | Reward=22.49 | Success=100.00% | DepDelay=14.85ms | Fail=0/144 | TopFail=[]
2026-05-14 02:24:25,987 [INFO] Epoch 13 | Reward=22.33 | Success=100.00% | DepDelay=14.19ms | Fail=0/144 | TopFail=[]
2026-05-14 02:27:18,486 [INFO] Epoch 14 | Reward=22.46 | Success=100.00% | DepDelay=14.72ms | Fail=0/144 | TopFail=[]
2026-05-14 02:30:05,466 [INFO] Epoch 15 | Reward=22.33 | Success=100.00% | DepDelay=14.19ms | Fail=0/144 | TopFail=[]
2026-05-14 02:32:48,856 [INFO] Epoch 16 | Reward=22.46 | Success=100.00% | DepDelay=14.72ms | Fail=0/144 | TopFail=[]
2026-05-14 02:35:29,983 [INFO] Epoch 17 | Reward=22.33 | Success=100.00% | DepDelay=14.19ms | Fail=0/144 | TopFail=[]
2026-05-14 02:38:12,992 [INFO] Epoch 18 | Reward=22.46 | Success=100.00% | DepDelay=14.72ms | Fail=0/144 | TopFail=[]
2026-05-14 02:40:54,297 [INFO] Epoch 19 | Reward=22.33 | Success=100.00% | DepDelay=14.19ms | Fail=0/144 | TopFail=[]
2026-05-14 02:43:37,475 [INFO] Epoch 20 | Reward=22.46 | Success=100.00% | DepDelay=14.72ms | Fail=0/144 | TopFail=[]
2026-05-14 02:46:18,836 [INFO] Epoch 21 | Reward=22.33 | Success=100.00% | DepDelay=14.19ms | Fail=0/144 | TopFail=[]
2026-05-14 02:49:02,019 [INFO] Epoch 22 | Reward=22.48 | Success=100.00% | DepDelay=14.63ms | Fail=0/144 | TopFail=[]
2026-05-14 02:51:44,076 [INFO] Epoch 23 | Reward=22.29 | Success=100.00% | DepDelay=14.43ms | Fail=0/144 | TopFail=[]
2026-05-14 02:54:27,209 [INFO] Epoch 24 | Reward=22.48 | Success=100.00% | DepDelay=14.63ms | Fail=0/144 | TopFail=[]
2026-05-14 02:57:09,722 [INFO] Epoch 25 | Reward=22.33 | Success=100.00% | DepDelay=14.63ms | Fail=0/144 | TopFail=[]
2026-05-14 02:59:52,909 [INFO] Epoch 26 | Reward=22.64 | Success=100.00% | DepDelay=15.01ms | Fail=0/144 | TopFail=[]
2026-05-14 03:02:35,542 [INFO] Epoch 27 | Reward=22.33 | Success=100.00% | DepDelay=14.63ms | Fail=0/144 | TopFail=[]
2026-05-14 03:05:18,916 [INFO] Epoch 28 | Reward=22.64 | Success=100.00% | DepDelay=15.01ms | Fail=0/144 | TopFail=[]
2026-05-14 03:08:01,639 [INFO] Epoch 29 | Reward=22.33 | Success=100.00% | DepDelay=14.63ms | Fail=0/144 | TopFail=[]
2026-05-14 03:10:45,353 [INFO] Epoch 30 | Reward=22.64 | Success=100.00% | DepDelay=15.01ms | Fail=0/144 | TopFail=[]
2026-05-14 03:13:27,983 [INFO] Epoch 31 | Reward=22.29 | Success=100.00% | DepDelay=14.51ms | Fail=0/144 | TopFail=[]
2026-05-14 03:16:11,388 [INFO] Epoch 32 | Reward=22.64 | Success=100.00% | DepDelay=15.24ms | Fail=0/144 | TopFail=[]
2026-05-14 03:18:53,176 [INFO] Epoch 33 | Reward=22.29 | Success=100.00% | DepDelay=14.51ms | Fail=0/144 | TopFail=[]
2026-05-14 03:21:36,536 [INFO] Epoch 34 | Reward=22.64 | Success=100.00% | DepDelay=15.24ms | Fail=0/144 | TopFail=[]
2026-05-14 03:24:24,473 [INFO] Epoch 35 | Reward=22.29 | Success=100.00% | DepDelay=14.51ms | Fail=0/144 | TopFail=[]
2026-05-14 03:27:20,043 [INFO] Epoch 36 | Reward=22.64 | Success=100.00% | DepDelay=15.24ms | Fail=0/144 | TopFail=[]
2026-05-14 03:30:12,990 [INFO] Epoch 37 | Reward=22.29 | Success=100.00% | DepDelay=14.51ms | Fail=0/144 | TopFail=[]
2026-05-14 03:33:05,912 [INFO] Epoch 38 | Reward=22.61 | Success=100.00% | DepDelay=14.66ms | Fail=0/144 | TopFail=[]
2026-05-14 03:35:56,180 [INFO] Epoch 39 | Reward=22.28 | Success=100.00% | DepDelay=14.20ms | Fail=0/144 | TopFail=[]
2026-05-14 03:38:42,683 [INFO] Epoch 40 | Reward=22.60 | Success=100.00% | DepDelay=14.54ms | Fail=0/144 | TopFail=[]
2026-05-14 03:41:24,781 [INFO] Epoch 41 | Reward=22.28 | Success=100.00% | DepDelay=14.20ms | Fail=0/144 | TopFail=[]
2026-05-14 03:44:07,864 [INFO] Epoch 42 | Reward=22.60 | Success=100.00% | DepDelay=14.54ms | Fail=0/144 | TopFail=[]
2026-05-14 03:46:53,088 [INFO] Epoch 43 | Reward=22.28 | Success=100.00% | DepDelay=14.20ms | Fail=0/144 | TopFail=[]
2026-05-14 03:49:36,564 [INFO] Epoch 44 | Reward=22.60 | Success=100.00% | DepDelay=14.54ms | Fail=0/144 | TopFail=[]
2026-05-14 03:52:20,243 [INFO] Epoch 45 | Reward=22.28 | Success=100.00% | DepDelay=14.20ms | Fail=0/144 | TopFail=[]
2026-05-14 03:55:06,983 [INFO] Epoch 46 | Reward=22.60 | Success=100.00% | DepDelay=14.54ms | Fail=0/144 | TopFail=[]
2026-05-14 03:57:53,204 [INFO] Epoch 47 | Reward=22.28 | Success=100.00% | DepDelay=14.20ms | Fail=0/144 | TopFail=[]
2026-05-14 04:00:39,324 [INFO] Epoch 48 | Reward=22.58 | Success=100.00% | DepDelay=14.42ms | Fail=0/144 | TopFail=[]
2026-05-14 04:03:25,650 [INFO] Epoch 49 | Reward=22.25 | Success=100.00% | DepDelay=14.00ms | Fail=0/144 | TopFail=[]
2026-05-14 04:06:11,291 [INFO] Epoch 50 | Reward=22.62 | Success=100.00% | DepDelay=14.48ms | Fail=0/144 | TopFail=[]
2026-05-14 04:08:58,921 [INFO] Epoch 51 | Reward=22.32 | Success=100.00% | DepDelay=14.44ms | Fail=0/144 | TopFail=[]
2026-05-14 04:11:45,220 [INFO] Epoch 52 | Reward=22.62 | Success=100.00% | DepDelay=14.48ms | Fail=0/144 | TopFail=[]
2026-05-14 04:14:31,794 [INFO] Epoch 53 | Reward=22.32 | Success=100.00% | DepDelay=14.44ms | Fail=0/144 | TopFail=[]
2026-05-14 04:17:18,468 [INFO] Epoch 54 | Reward=22.62 | Success=100.00% | DepDelay=14.48ms | Fail=0/144 | TopFail=[]
2026-05-14 04:20:04,886 [INFO] Epoch 55 | Reward=22.37 | Success=100.00% | DepDelay=14.39ms | Fail=0/144 | TopFail=[]
2026-05-14 04:22:48,362 [INFO] Epoch 56 | Reward=22.52 | Success=100.00% | DepDelay=14.69ms | Fail=0/144 | TopFail=[]
2026-05-14 04:25:32,752 [INFO] Epoch 57 | Reward=22.36 | Success=100.00% | DepDelay=14.47ms | Fail=0/144 | TopFail=[]
2026-05-14 04:28:17,714 [INFO] Epoch 58 | Reward=22.52 | Success=100.00% | DepDelay=14.69ms | Fail=0/144 | TopFail=[]
2026-05-14 04:31:03,831 [INFO] Epoch 59 | Reward=22.36 | Success=100.00% | DepDelay=14.47ms | Fail=0/144 | TopFail=[]
2026-05-14 04:33:48,893 [INFO] Epoch 60 | Reward=22.36 | Success=100.00% | DepDelay=14.37ms | Fail=0/144 | TopFail=[]
